[www.zaparetech.com/index.html]
[backblue.gif]
[fade.gif]
[index.html]
[www.zaparetech.com/favicon.ico]
[www.zaparetech.com/manifest.json]
[www.zaparetech.com/about-us.html]
[www.zaparetech.com/services.html]
[www.zaparetech.com/career.html]
[www.zaparetech.com/contact.html]
[www.zaparetech.com/img/about-img.png]
[www.zaparetech.com/img/poster.jpg]
[www.zaparetech.com/video/video.mp4]
[www.zaparetech.com/video/video.webm]
[www.zaparetech.com/img/overlay.png]
[www.zaparetech.com/js/script.min.js]
[cdnjs.cloudflare.com/ajax/libs/smoothscroll/1.4.9/SmoothScroll.min.js]
[www.zaparetech.com/app.js]
[www.zaparetech.com/js/custom.js]
[www.zaparetech.com/js/index.js]
[www.zaparetech.com/index.html]
[www.zaparetech.com/css/style.min.css]
[www.zaparetech.com/img/about_main_img.png]
[www.zaparetech.com/img/ceo.png]
[www.zaparetech.com/img/md.png]
[www.zaparetech.com/img/coo.png]
[www.zaparetech.com/img/award.png]
[www.zaparetech.com/img/magazin.png]
[www.zaparetech.com/img/get-in.png]
[www.zaparetech.com/img/pop-ceo.jpg]
[www.zaparetech.com/img/pop-md.jpg]
[www.zaparetech.com/img/pop-coo.jpg]
[www.zaparetech.com/about-us.html]
[www.zaparetech.com/services.html]
[www.zaparetech.com/img/career-img.png]
[www.zaparetech.com/career.html]
[www.zaparetech.com/data-entry.html]
[www.zaparetech.com/contact.html]
[www.zaparetech.com/img/z-text.svg]
[www.zaparetech.com/img/imglinebox.svg]
[www.zaparetech.com/img/mission.svg]
[www.zaparetech.com/img/book.svg]
[www.zaparetech.com/img/read.svg]
[www.zaparetech.com/img/service-pg.svg]
[www.zaparetech.com/img/career-detail-bnr.jpg]
[connect.facebook.net/en_GB/sdk.js]
[www.zaparetech.com/data-entry.html]
[www.zaparetech.com/img/contact-img.svg]
[connect.facebook.net/en_GB/sdk.js]
